<html>
<body>
<pre>
<h1>礦ision Build Log</h1>
<h2>Project:</h2>
F:\Temp\Desktop\新班子\ALIENTEK MINISTM32 实验3 串口实验\USER\USART.uvprojx
Project File Date:  10/30/2017

<h2>Output:</h2>
Build target 'Target 1'
compiling led.c...
linking...
Program Size: Code=6112 RO-data=336 RW-data=56 ZI-data=1832  
FromELF: creating hex file...
"..\OBJ\USART.axf" - 0 Error(s), 0 Warning(s).
Load "..\\OBJ\\USART.axf" 
Erase Done.
Programming Done.
Verify OK.
" was declared but never referenced
        u16 times=0; 
main.c: 3 warnings, 0 errors
linking...
Program Size: Code=6124 RO-data=336 RW-data=56 ZI-data=1832  
FromELF: creating hex file...
"..\OBJ\USART.axf" - 0 Error(s), 3 Warning(s).
Load "..\\OBJ\\USART.axf" 
Erase Done.
Programming Done.
Verify OK.
ng Done.
Verify OK.
romELF: creating hex file...
"..\OBJ\USART.axf" - 0 Error(s), 4 Warning(s).
